[backblue.gif]
[fade.gif]
[index.html]
[norvig.com/easy50.txt]
[norvig.com/top95.txt]
[norvig.com/hardest.txt]
[norvig.com/sudo.gif]
[norvig.com/sudoku.html]
[norvig.com/prettify.css]
[norvig.com/prettify.js]
[norvig.com/sudopy.html]
[norvig.com/top95solutions.html]
[norvig.com/favicon.ico]
[norvig.com/rss-feed.xml]
[norvig.com/rss.jpg]
[norvig.com/luv-slides.ps]
[norvig.com/ow.ps]
[norvig.com/index.html]
[norvig.com/index-2.html]
[norvig.com/prettify/prettify.css]
[norvig.com/prettify/prettify.js]
[norvig.com/ipython/Advent of Code.ipynb]
[norvig.com/ipython/PropositionalLogic.ipynb]
[norvig.com/ipython/Mean Misanthrope Density.ipynb]
[norvig.com/ipython/Countdown.ipynb]
[norvig.com/ipython/Sicherman Dice.ipynb]
[norvig.com/ipython/Beal.ipynb]
[norvig.com/ipython/Cheryl.ipynb]
[norvig.com/ipython/Cheryl-and-Eve.ipynb]
[norvig.com/ipython/Golomb-Puzzle.ipynb]
[norvig.com/ipython/WWW.ipynb]
[norvig.com/ipython/pal3.ipynb]
[norvig.com/ipython/Scrabble.ipynb]
[norvig.com/ipython/xkcd1313.ipynb]
[norvig.com/ipython/xkcd1313-part2.ipynb]
[norvig.com/ipython/Fred Buns.ipynb]
[norvig.com/ipython/Gesture Typing.ipynb]
[norvig.com/ipython/How to Do Things with Words.ipynb]
[norvig.com/ipython/Life.ipynb]
[norvig.com/ipython/Probability.ipynb]
[norvig.com/ipython/ProbabilityParadox.ipynb]
[norvig.com/ipython/Convex Hull.ipynb]
[norvig.com/ipython/TSP.ipynb]
[norvig.com/ipython/Economics.ipynb]
[norvig.com/ipython/README.html]
[norvig.com/google-books-common-words.txt]
[norvig.com/o.jpg]
[norvig.com/y.jpg]
[norvig.com/g.jpg]
[norvig.com/b.jpg]
[norvig.com/p.jpg]
[norvig.com/mayzner.html]
[norvig.com/tsv/ngrams-all.tsv.zip]
[norvig.com/cacm-hybrid.html]
[norvig.com/Gettysburg/favicon.ico]
[norvig.com/Gettysburg/Gettysburg.ppt]
[norvig.com/Gettysburg/index.html]
[norvig.com/npdict.txt]
[norvig.com/aman.jpg]
[norvig.com/aplan.jpg]
[norvig.com/acaddy.jpg]
[norvig.com/aman2.jpg]
[norvig.com/aplan2.jpg]
[norvig.com/acameo.jpg]
[norvig.com/zena.jpg]
[norvig.com/anpdict-short.txt]
[norvig.com/aplan3.jpg]
[norvig.com/abait3.jpg]
[norvig.com/lag.gif]
[norvig.com/anpdict.txt]
[norvig.com/palindrome.html]
